// Jest Snapshot v1, https://goo.gl/fbAQLP

exports[`component: ViewMnemonicPhraseDialog renders closed state correctly 1`] = `
Array [
  <div
    className="MuiDialogTitle-root"
  >
    <h2
      className="MuiTypography-root MuiTypography-h6"
    >
      common:security password title
    </h2>
  </div>,
  <div
    className="MuiDialogContent-root"
  >
    <p
      className="MuiTypography-root HookGlobalStyles-stageDescription-10 MuiTypography-body1 MuiTypography-gutterBottom"
    >
      common:security password description
    </p>
    <div
      className="MuiBox-root MuiBox-root-15"
    >
      <p
        className="MuiTypography-root MuiTypography-body1 MuiTypography-gutterBottom"
      >
        common:enter security password
      </p>
      <input
        error={false}
        helperText=""
        onChange={[Function]}
        placeholder="common:password"
        value=""
      />
    </div>
  </div>,
  <div
    className="MuiDialogActions-root MuiDialogActions-spacing"
  >
    <div
      className="MuiBox-root MuiBox-root-16"
    >
      <div
        className="MuiBox-root MuiBox-root-17"
      >
        <button
          className="MuiButtonBase-root MuiButton-root MuiButton-contained HookGlobalStyles-dialogButton-4 MuiButton-containedPrimary"
          disabled={false}
          onBlur={[Function]}
          onClick={[Function]}
          onDragLeave={[Function]}
          onFocus={[Function]}
          onKeyDown={[Function]}
          onKeyUp={[Function]}
          onMouseDown={[Function]}
          onMouseLeave={[Function]}
          onMouseUp={[Function]}
          onTouchEnd={[Function]}
          onTouchMove={[Function]}
          onTouchStart={[Function]}
          tabIndex={0}
          type="button"
        >
          <span
            className="MuiButton-label"
          >
            common:next
          </span>
        </button>
      </div>
    </div>
  </div>,
]
`;
